../Core/Src/ModbusRTU.c:33:6:ModbusRTU_UART_Init	8	static
../Core/Src/ModbusRTU.c:37:6:ModbusRTU_Init	8	static
../Core/Src/ModbusRTU.c:52:6:ModbusRTU_Deinit	8	static
../Core/Src/ModbusRTU.c:61:6:ModbusRTU_Handler	16	static
../Core/Src/ModbusRTU.c:72:6:ModbusRTU_Receive	24	static
../Core/Src/ModbusRTU.c:249:6:ModbusRTU_Transmit	8	static
../Core/Src/ModbusRTU.c:260:6:HAL_UART_RxCpltCallback	16	static
../Core/Src/ModbusRTU.c:268:6:HAL_UART_TxCpltCallback	16	static
../Core/Src/ModbusRTU.c:281:6:HAL_UART_ErrorCallback	16	static
../Core/Src/ModbusRTU.c:326:7:ModbusRTU_Conv_Out_f	40	static
../Core/Src/ModbusRTU.c:339:16:ModbusRTU_Conv_Out_us	40	static
../Core/Src/ModbusRTU.c:358:16:CRC16	24	static
